<div
  class="foo"
  data-other="bar"
>
  asdf
</div>