- <div class="foo-grandchild">
+ <div
+   class="foo-grandchild"
+   data-tested="tested"
+ >
    Grandchild
  </div>